// Jest Snapshot v1, https://goo.gl/fbAQLP

exports[`Red 解析器应当正确解析 群聊 语音消息 1`] = `
{
  "channel": {
    "id": "100000000",
    "name": "001",
    "type": 0,
  },
  "guild": {
    "avatar": "https://p.qlogo.cn/gh/100000000/100000000/640",
    "id": "100000000",
    "name": "001",
  },
  "id": undefined,
  "member": {},
  "message": {
    "content": "<audio src="https://chronocat.vercel.app/v1/assets/eyJ0eXBlIjoibWVkaWF2MSIsIm1zZ0lkIjoiMTAwMDAwMDAwMDAwMDAwMDAwMCIsImNoYXRUeXBlIjoyLCJwZWVyVWlkIjoiMTAwMDAwMDAwIiwiZWxlbWVudElkIjoiMTAwMDAwMDAwMDAwMDAwMDAwMCIsInRodW1iU2l6ZSI6MH0"/>",
    "id": "1000000000000000000",
  },
  "platform": undefined,
  "self_id": undefined,
  "timestamp": 1000000000000,
  "type": "message-created",
  "user": {
    "avatar": "http://thirdqq.qlogo.cn/headimg_dl?dst_uin=10000&spec=640",
    "id": "10000",
    "name": "000",
  },
}
`;
